Running as user "root" and group "root". This could be dangerous.
Capturing on 'any'
tshark: Promiscuous mode not supported on the "any" device.
0000  00 00 03 04 00 06 00 00 00 00 00 00 00 00 86 dd   ................
0010  60 00 ce f2 00 28 06 40 00 00 00 00 00 00 00 00   `....(.@........
0020  00 00 00 00 00 00 00 01 00 00 00 00 00 00 00 00   ................
0030  00 00 00 00 00 00 00 01 e1 c8 1f 40 f1 38 c7 f3   ...........@.8..
0040  00 00 00 00 a0 02 ff c4 00 30 00 00 02 04 ff c4   .........0......
0050  04 02 08 0a 96 4f 96 20 00 00 00 00 01 03 03 07   .....O. ........

0000  00 00 03 04 00 06 00 00 00 00 00 00 00 00 86 dd   ................
0010  60 0f 75 d6 00 14 06 40 00 00 00 00 00 00 00 00   `.u....@........
0020  00 00 00 00 00 00 00 01 00 00 00 00 00 00 00 00   ................
0030  00 00 00 00 00 00 00 01 1f 40 e1 c8 00 00 00 00   .........@......
0040  f1 38 c7 f4 50 14 00 00 00 1c 00 00               .8..P.......

0000  00 00 03 04 00 06 00 00 00 00 00 00 00 00 08 00   ................
0010  45 00 00 3c 11 37 40 00 40 06 2b 83 7f 00 00 01   E..<.7@.@.+.....
0020  7f 00 00 01 e9 bc 1f 40 27 c9 12 3e 00 00 00 00   .......@'..>....
0030  a0 02 ff d7 fe 30 00 00 02 04 ff d7 04 02 08 0a   .....0..........
0040  4a 03 ce 6a 00 00 00 00 01 03 03 07               J..j........

0000  00 00 03 04 00 06 00 00 00 00 00 00 00 00 08 00   ................
0010  45 00 00 3c 00 00 40 00 40 06 3c ba 7f 00 00 01   E..<..@.@.<.....
0020  7f 00 00 01 1f 40 e9 bc 74 9c 4f e3 27 c9 12 3f   .....@..t.O.'..?
0030  a0 12 ff cb fe 30 00 00 02 04 ff d7 04 02 08 0a   .....0..........
0040  4a 03 ce 6a 4a 03 ce 6a 01 03 03 07               J..jJ..j....

0000  00 00 03 04 00 06 00 00 00 00 00 00 00 00 08 00   ................
0010  45 00 00 34 11 38 40 00 40 06 2b 8a 7f 00 00 01   E..4.8@.@.+.....
0020  7f 00 00 01 e9 bc 1f 40 27 c9 12 3f 74 9c 4f e4   .......@'..?t.O.
0030  80 10 02 00 fe 28 00 00 01 01 08 0a 4a 03 ce 6a   .....(......J..j
0040  4a 03 ce 6a                                       J..j

0000  00 00 03 04 00 06 00 00 00 00 00 00 00 00 08 00   ................
0010  45 00 00 82 11 39 40 00 40 06 2b 3b 7f 00 00 01   E....9@.@.+;....
0020  7f 00 00 01 e9 bc 1f 40 27 c9 12 3f 74 9c 4f e4   .......@'..?t.O.
0030  80 18 02 00 fe 76 00 00 01 01 08 0a 4a 03 ce 6a   .....v......J..j
0040  4a 03 ce 6a 47 45 54 20 2f 20 48 54 54 50 2f 31   J..jGET / HTTP/1
0050  2e 31 0d 0a 48 6f 73 74 3a 20 6c 6f 63 61 6c 68   .1..Host: localh
0060  6f 73 74 3a 38 30 30 30 0d 0a 55 73 65 72 2d 41   ost:8000..User-A
0070  67 65 6e 74 3a 20 63 75 72 6c 2f 38 2e 31 36 2e   gent: curl/8.16.
0080  30 0d 0a 41 63 63 65 70 74 3a 20 2a 2f 2a 0d 0a   0..Accept: */*..
0090  0d 0a                                             ..

0000  00 00 03 04 00 06 00 00 00 00 00 00 00 00 08 00   ................
0010  45 00 00 34 46 68 40 00 40 06 f6 59 7f 00 00 01   E..4Fh@.@..Y....
0020  7f 00 00 01 1f 40 e9 bc 74 9c 4f e4 27 c9 12 8d   .....@..t.O.'...
0030  80 10 01 ff fe 28 00 00 01 01 08 0a 4a 03 ce 6a   .....(......J..j
0040  4a 03 ce 6a                                       J..j

0000  00 00 03 04 00 06 00 00 00 00 00 00 00 00 08 00   ................
0010  45 00 00 ba 46 69 40 00 40 06 f5 d2 7f 00 00 01   E...Fi@.@.......
0020  7f 00 00 01 1f 40 e9 bc 74 9c 4f e4 27 c9 12 8d   .....@..t.O.'...
0030  80 18 02 00 fe ae 00 00 01 01 08 0a 4a 03 ce 6b   ............J..k
0040  4a 03 ce 6a 48 54 54 50 2f 31 2e 31 20 32 30 30   J..jHTTP/1.1 200
0050  20 4f 4b 0d 0a 64 61 74 65 3a 20 53 61 74 2c 20    OK..date: Sat, 
0060  30 31 20 4e 6f 76 20 32 30 32 35 20 31 35 3a 30   01 Nov 2025 15:0
0070  30 3a 35 33 20 47 4d 54 0d 0a 73 65 72 76 65 72   0:53 GMT..server
0080  3a 20 75 76 69 63 6f 72 6e 0d 0a 63 6f 6e 74 65   : uvicorn..conte
0090  6e 74 2d 6c 65 6e 67 74 68 3a 20 31 31 0d 0a 63   nt-length: 11..c
00a0  6f 6e 74 65 6e 74 2d 74 79 70 65 3a 20 74 65 78   ontent-type: tex
00b0  74 2f 70 6c 61 69 6e 3b 20 63 68 61 72 73 65 74   t/plain; charset
00c0  3d 75 74 66 2d 38 0d 0a 0d 0a                     =utf-8....

0000  00 00 03 04 00 06 00 00 00 00 00 00 00 00 08 00   ................
0010  45 00 00 34 11 3a 40 00 40 06 2b 88 7f 00 00 01   E..4.:@.@.+.....
0020  7f 00 00 01 e9 bc 1f 40 27 c9 12 8d 74 9c 50 6a   14 packets captured
.......@'...t.Pj
0030  80 10 01 ff fe 28 00 00 01 01 08 0a 4a 03 ce 6b   .....(......J..k
0040  4a 03 ce 6b                                       J..k

Packet (79 bytes):
0000  00 00 03 04 00 06 00 00 00 00 00 00 00 00 08 00   ................
0010  45 00 00 3f 46 6a 40 00 40 06 f6 4c 7f 00 00 01   E..?Fj@.@..L....
0020  7f 00 00 01 1f 40 e9 bc 74 9c 50 6a 27 c9 12 8d   .....@..t.Pj'...
0030  80 18 02 00 fe 33 00 00 01 01 08 0a 4a 03 ce 6b   .....3......J..k
0040  4a 03 ce 6b 68 65 6c 6c 6f 20 77 6f 72 6c 64      J..khello world
Reassembled TCP (145 bytes):
0000  48 54 54 50 2f 31 2e 31 20 32 30 30 20 4f 4b 0d   HTTP/1.1 200 OK.
0010  0a 64 61 74 65 3a 20 53 61 74 2c 20 30 31 20 4e   .date: Sat, 01 N
0020  6f 76 20 32 30 32 35 20 31 35 3a 30 30 3a 35 33   ov 2025 15:00:53
0030  20 47 4d 54 0d 0a 73 65 72 76 65 72 3a 20 75 76    GMT..server: uv
0040  69 63 6f 72 6e 0d 0a 63 6f 6e 74 65 6e 74 2d 6c   icorn..content-l
0050  65 6e 67 74 68 3a 20 31 31 0d 0a 63 6f 6e 74 65   ength: 11..conte
0060  6e 74 2d 74 79 70 65 3a 20 74 65 78 74 2f 70 6c   nt-type: text/pl
0070  61 69 6e 3b 20 63 68 61 72 73 65 74 3d 75 74 66   ain; charset=utf
0080  2d 38 0d 0a 0d 0a 68 65 6c 6c 6f 20 77 6f 72 6c   -8....hello worl
0090  64                                                d

0000  00 00 03 04 00 06 00 00 00 00 00 00 00 00 08 00   ................
0010  45 00 00 34 11 3b 40 00 40 06 2b 87 7f 00 00 01   E..4.;@.@.+.....
0020  7f 00 00 01 e9 bc 1f 40 27 c9 12 8d 74 9c 50 75   .......@'...t.Pu
0030  80 10 01 ff fe 28 00 00 01 01 08 0a 4a 03 ce 6b   .....(......J..k
0040  4a 03 ce 6b                                       J..k

0000  00 00 03 04 00 06 00 00 00 00 00 00 00 00 08 00   ................
0010  45 00 00 34 11 3c 40 00 40 06 2b 86 7f 00 00 01   E..4.<@.@.+.....
0020  7f 00 00 01 e9 bc 1f 40 27 c9 12 8d 74 9c 50 75   .......@'...t.Pu
0030  80 11 02 00 fe 28 00 00 01 01 08 0a 4a 03 ce 6b   .....(......J..k
0040  4a 03 ce 6b                                       J..k

0000  00 00 03 04 00 06 00 00 00 00 00 00 00 00 08 00   ................
0010  45 00 00 34 46 6b 40 00 40 06 f6 56 7f 00 00 01   E..4Fk@.@..V....
0020  7f 00 00 01 1f 40 e9 bc 74 9c 50 75 27 c9 12 8e   .....@..t.Pu'...
0030  80 11 02 00 fe 28 00 00 01 01 08 0a 4a 03 ce 6b   .....(......J..k
0040  4a 03 ce 6b                                       J..k

0000  00 00 03 04 00 06 00 00 00 00 00 00 00 00 08 00   ................
0010  45 00 00 34 11 3d 40 00 40 06 2b 85 7f 00 00 01   E..4.=@.@.+.....
0020  7f 00 00 01 e9 bc 1f 40 27 c9 12 8e 74 9c 50 76   .......@'...t.Pv
0030  80 10 02 00 fe 28 00 00 01 01 08 0a 4a 03 ce 6b   .....(......J..k
0040  4a 03 ce 6b                                       J..k

