* Host localhost:8000 was resolved.
* IPv6: ::1
* IPv4: 127.0.0.1
  % Total    % Received % Xferd  Average Speed   Time    Time     Time  Current
                                 Dload  Upload   Total   Spent    Left  Speed
  0     0    0     0    0     0      0      0 --:--:-- --:--:-- --:--:--     0*   Trying [::1]:8000...
* connect to ::1 port 8000 from ::1 port 52088 failed: Connection refused
*   Trying 127.0.0.1:8000...
* Established connection to localhost (127.0.0.1 port 8000) from 127.0.0.1 port 45580 
* using HTTP/1.x
> GET / HTTP/1.1
> Host: localhost:8000
> User-Agent: curl/8.16.0
> Accept: */*
> 
* Request completely sent off
< HTTP/1.1 200 OK
< date: Sat, 01 Nov 2025 14:43:32 GMT
< server: uvicorn
< content-length: 11
< content-type: text/plain; charset=utf-8
< 
{ [11 bytes data]
100    11  100    11    0     0   1953      0 --:--:-- --:--:-- --:--:--  2200
* Connection #0 to host localhost:8000 left intact
hello world